// Jest Snapshot v1, https://goo.gl/fbAQLP

exports[`renders home link correctly 1`] = `
<h1>
  Math Magician
</h1>
`;

exports[`renders home link correctly 2`] = `
<p>
  Mathematics is not about numbers, equations, computations or algorithms: it is about understanding. â€“William Paul Thurston
</p>
`;
